   ------------------------------------------------------------------
  | Welcome to ROOT 6.24/06                        https://root.cern |
  | (c) 1995-2021, The ROOT Team; conception: R. Brun, F. Rademakers |
  | Built for linuxx8664gcc on Sep 02 2021, 14:20:23                 |
  | From tags/v6-24-06@v6-24-06                                      |
  | With g++ (GCC) 4.8.5 20150623 (Red Hat 4.8.5-11)                 |
  | Try '.help', '.demo', '.license', '.credits', '.quit'/'.q'       |
   ------------------------------------------------------------------

cling::DynamicLibraryManager::loadLibrary(): /afs/rhic.bnl.gov/star/packages/release1/SL24b/.sl73_gcc485/obj/StRoot/StarClassLibrary/StarClassLibrary.so: wrong ELF class: ELFCLASS32
cling::DynamicLibraryManager::loadLibrary(): /afs/rhic.bnl.gov/star/packages/release1/SL24b/.sl73_gcc485/obj/StRoot/StarRoot/StarRoot.so: wrong ELF class: ELFCLASS32
 *** Start at Date : Sat Nov 22 16:12:32 2025

Processing JAM2_TreeMarker_FIXTARGET.C...
Check:
Before Boost:Px=0 ;Py=0 ;Pz=-1.17054 ;E=1.5
After Boost:Px=0 ;Py=0 ;Pz=0.0034849 ;E=0.938006
Current i_file: 0
i_event = 0
Current i_file: 1
i_event = 0
Current i_file: 2
i_event = 0
Current i_file: 3
i_event = 0
Current i_file: 4
i_event = 0
Current i_file: 5
i_event = 0
Current i_file: 6
i_event = 0
Current i_file: 7
i_event = 0
Current i_file: 8
i_event = 0
Current i_file: 9
i_event = 0
Current i_file: 10
i_event = 0
Current i_file: 11
i_event = 0
Current i_file: 12
i_event = 0
Current i_file: 13
i_event = 0
Current i_file: 14
i_event = 0
Current i_file: 15
i_event = 0
Current i_file: 16
i_event = 0
Current i_file: 17
i_event = 0
Current i_file: 18
i_event = 0
Current i_file: 19
i_event = 0
Current i_file: 20
i_event = 0
Current i_file: 21
i_event = 0
Current i_file: 22
i_event = 0
Current i_file: 23
i_event = 0
Current i_file: 24
i_event = 0
Current i_file: 25
i_event = 0
Current i_file: 26
i_event = 0
Current i_file: 27
i_event = 0
Current i_file: 28
i_event = 0
Current i_file: 29
i_event = 0
Current i_file: 30
i_event = 0
Current i_file: 31
i_event = 0
Current i_file: 32
i_event = 0
Current i_file: 33
i_event = 0
Current i_file: 34
i_event = 0
Current i_file: 35
i_event = 0
Current i_file: 36
i_event = 0
Current i_file: 37
i_event = 0
Current i_file: 38
i_event = 0
Current i_file: 39
i_event = 0
Current i_file: 40
i_event = 0
Current i_file: 41
i_event = 0
Current i_file: 42
i_event = 0
Current i_file: 43
i_event = 0
Current i_file: 44
i_event = 0
Current i_file: 45
i_event = 0
Current i_file: 46
i_event = 0
Current i_file: 47
i_event = 0
Current i_file: 48
i_event = 0
Current i_file: 49
i_event = 0
Current i_file: 50
i_event = 0
Current i_file: 51
i_event = 0
Current i_file: 52
i_event = 0
Current i_file: 53
i_event = 0
Current i_file: 54
i_event = 0
Current i_file: 55
i_event = 0
Current i_file: 56
i_event = 0
Current i_file: 57
i_event = 0
Current i_file: 58
i_event = 0
Current i_file: 59
i_event = 0
Current i_file: 60
i_event = 0
Current i_file: 61
i_event = 0
Current i_file: 62
i_event = 0
Current i_file: 63
i_event = 0
Current i_file: 64
i_event = 0
Current i_file: 65
i_event = 0
Current i_file: 66
i_event = 0
Current i_file: 67
i_event = 0
Current i_file: 68
i_event = 0
Current i_file: 69
i_event = 0
Current i_file: 70
i_event = 0
Current i_file: 71
i_event = 0
Current i_file: 72
i_event = 0
Current i_file: 73
i_event = 0
Current i_file: 74
i_event = 0
Current i_file: 75
i_event = 0
Current i_file: 76
i_event = 0
Current i_file: 77
i_event = 0
Current i_file: 78
i_event = 0
Current i_file: 79
i_event = 0
Current i_file: 80
i_event = 0
Current i_file: 81
i_event = 0
Current i_file: 82
i_event = 0
Current i_file: 83
i_event = 0
Current i_file: 84
i_event = 0
Current i_file: 85
i_event = 0
Current i_file: 86
i_event = 0
Current i_file: 87
i_event = 0
Current i_file: 88
i_event = 0
Current i_file: 89
i_event = 0
Current i_file: 90
i_event = 0
Current i_file: 91
i_event = 0
Current i_file: 92
i_event = 0
Current i_file: 93
i_event = 0
Current i_file: 94
i_event = 0
Current i_file: 95
i_event = 0
Current i_file: 96
i_event = 0
Current i_file: 97
i_event = 0
Current i_file: 98
i_event = 0
Current i_file: 99
i_event = 0
Current i_file: 100
i_event = 0
Current i_file: 101
i_event = 0
Current i_file: 102
i_event = 0
Current i_file: 103
i_event = 0
Current i_file: 104
i_event = 0
Current i_file: 105
i_event = 0
Current i_file: 106
i_event = 0
Current i_file: 107
i_event = 0
Current i_file: 108
i_event = 0
Current i_file: 109
i_event = 0
Current i_file: 110
i_event = 0
Current i_file: 111
i_event = 0
Current i_file: 112
i_event = 0
Current i_file: 113
i_event = 0
Current i_file: 114
i_event = 0
Current i_file: 115
i_event = 0
Current i_file: 116
i_event = 0
Current i_file: 117
i_event = 0
Current i_file: 118
i_event = 0
Current i_file: 119
i_event = 0
Current i_file: 120
i_event = 0
Current i_file: 121
i_event = 0
Current i_file: 122
i_event = 0
Current i_file: 123
i_event = 0
Current i_file: 124
i_event = 0
Current i_file: 125
i_event = 0
Current i_file: 126
i_event = 0
Current i_file: 127
i_event = 0
Current i_file: 128
i_event = 0
Current i_file: 129
i_event = 0
Current i_file: 130
i_event = 0
Current i_file: 131
i_event = 0
Current i_file: 132
i_event = 0
Current i_file: 133
i_event = 0
Current i_file: 134
i_event = 0
Current i_file: 135
i_event = 0
Current i_file: 136
i_event = 0
Current i_file: 137
i_event = 0
Current i_file: 138
i_event = 0
Current i_file: 139
i_event = 0
Current i_file: 140
i_event = 0
Current i_file: 141
i_event = 0
Current i_file: 142
i_event = 0
Current i_file: 143
i_event = 0
Current i_file: 144
i_event = 0
Current i_file: 145
i_event = 0
Current i_file: 146
i_event = 0
Current i_file: 147
i_event = 0
Current i_file: 148
i_event = 0
Current i_file: 149
i_event = 0
Current i_file: 150
i_event = 0
Current i_file: 151
i_event = 0
Current i_file: 152
i_event = 0
Current i_file: 153
i_event = 0
Current i_file: 154
i_event = 0
Current i_file: 155
i_event = 0
Current i_file: 156
i_event = 0
Current i_file: 157
i_event = 0
Current i_file: 158
i_event = 0
Current i_file: 159
i_event = 0
Current i_file: 160
i_event = 0
Current i_file: 161
i_event = 0
Current i_file: 162
i_event = 0
Current i_file: 163
i_event = 0
Current i_file: 164
i_event = 0
Current i_file: 165
i_event = 0
Current i_file: 166
i_event = 0
Current i_file: 167
i_event = 0
Current i_file: 168
i_event = 0
Current i_file: 169
i_event = 0
Current i_file: 170
i_event = 0
Current i_file: 171
i_event = 0
Current i_file: 172
i_event = 0
Current i_file: 173
i_event = 0
Current i_file: 174
i_event = 0
Current i_file: 175
i_event = 0
Current i_file: 176
i_event = 0
Current i_file: 177
i_event = 0
Current i_file: 178
i_event = 0
Current i_file: 179
i_event = 0
Current i_file: 180
i_event = 0
Current i_file: 181
i_event = 0
Current i_file: 182
i_event = 0
Current i_file: 183
i_event = 0
Current i_file: 184
i_event = 0
Current i_file: 185
i_event = 0
Current i_file: 186
i_event = 0
Current i_file: 187
i_event = 0
Current i_file: 188
i_event = 0
Current i_file: 189
i_event = 0
Current i_file: 190
i_event = 0
Current i_file: 191
i_event = 0
Current i_file: 192
i_event = 0
Current i_file: 193
i_event = 0
Current i_file: 194
i_event = 0
Current i_file: 195
i_event = 0
Current i_file: 196
i_event = 0
Current i_file: 197
i_event = 0
Current i_file: 198
i_event = 0
Current i_file: 199
i_event = 0
Current i_file: 200
i_event = 0
Current i_file: 201
i_event = 0
Current i_file: 202
i_event = 0
Current i_file: 203
i_event = 0
Current i_file: 204
i_event = 0
Current i_file: 205
i_event = 0
Current i_file: 206
i_event = 0
Current i_file: 207
i_event = 0
Current i_file: 208
i_event = 0
Current i_file: 209
i_event = 0
Current i_file: 210
i_event = 0
Current i_file: 211
i_event = 0
Current i_file: 212
i_event = 0
Current i_file: 213
i_event = 0
Current i_file: 214
i_event = 0
Current i_file: 215
i_event = 0
Current i_file: 216
i_event = 0
Current i_file: 217
i_event = 0
Current i_file: 218
i_event = 0
Current i_file: 219
i_event = 0
Current i_file: 220
i_event = 0
Current i_file: 221
i_event = 0
Current i_file: 222
i_event = 0
Current i_file: 223
i_event = 0
Current i_file: 224
i_event = 0
Current i_file: 225
i_event = 0
Current i_file: 226
i_event = 0
Current i_file: 227
i_event = 0
Current i_file: 228
i_event = 0
Current i_file: 229
i_event = 0
Current i_file: 230
i_event = 0
Current i_file: 231
i_event = 0
Current i_file: 232
i_event = 0
Current i_file: 233
i_event = 0
Current i_file: 234
i_event = 0
Current i_file: 235
i_event = 0
Current i_file: 236
i_event = 0
Current i_file: 237
i_event = 0
Current i_file: 238
i_event = 0
Current i_file: 239
i_event = 0
Current i_file: 240
i_event = 0
Current i_file: 241
i_event = 0
Current i_file: 242
i_event = 0
Current i_file: 243
i_event = 0
Current i_file: 244
i_event = 0
Current i_file: 245
i_event = 0
Current i_file: 246
i_event = 0
Current i_file: 247
i_event = 0
Current i_file: 248
i_event = 0
Current i_file: 249
i_event = 0
Current i_file: 250
i_event = 0
Current i_file: 251
i_event = 0
Current i_file: 252
i_event = 0
Current i_file: 253
i_event = 0
Current i_file: 254
i_event = 0
Current i_file: 255
i_event = 0
Current i_file: 256
i_event = 0
Current i_file: 257
i_event = 0
Current i_file: 258
i_event = 0
Current i_file: 259
i_event = 0
Current i_file: 260
i_event = 0
Current i_file: 261
i_event = 0
Current i_file: 262
i_event = 0
Current i_file: 263
i_event = 0
Current i_file: 264
i_event = 0
Current i_file: 265
i_event = 0
Current i_file: 266
i_event = 0
Current i_file: 267
i_event = 0
Current i_file: 268
i_event = 0
Current i_file: 269
i_event = 0
Current i_file: 270
i_event = 0
Current i_file: 271
i_event = 0
Current i_file: 272
i_event = 0
Current i_file: 273
i_event = 0
Current i_file: 274
i_event = 0
Current i_file: 275
i_event = 0
Current i_file: 276
i_event = 0
Current i_file: 277
i_event = 0
Current i_file: 278
i_event = 0
Current i_file: 279
i_event = 0
Current i_file: 280
i_event = 0
Current i_file: 281
i_event = 0
Current i_file: 282
i_event = 0
Current i_file: 283
i_event = 0
Current i_file: 284
i_event = 0
Current i_file: 285
i_event = 0
Current i_file: 286
i_event = 0
Current i_file: 287
i_event = 0
Current i_file: 288
i_event = 0
Current i_file: 289
i_event = 0
Current i_file: 290
i_event = 0
Current i_file: 291
i_event = 0
Current i_file: 292
i_event = 0
Current i_file: 293
i_event = 0
Current i_file: 294
i_event = 0
Current i_file: 295
i_event = 0
Current i_file: 296
i_event = 0
Current i_file: 297
i_event = 0
Current i_file: 298
i_event = 0
Current i_file: 299
i_event = 0
Current i_file: 300
i_event = 0
Current i_file: 301
i_event = 0
Current i_file: 302
i_event = 0
Current i_file: 303
i_event = 0
Current i_file: 304
i_event = 0
Current i_file: 305
i_event = 0
Current i_file: 306
i_event = 0
Current i_file: 307
i_event = 0
Current i_file: 308
i_event = 0
Current i_file: 309
i_event = 0
Current i_file: 310
i_event = 0
Current i_file: 311
i_event = 0
Current i_file: 312
i_event = 0
Current i_file: 313
i_event = 0
Current i_file: 314
i_event = 0
Current i_file: 315
i_event = 0
Current i_file: 316
i_event = 0
Current i_file: 317
i_event = 0
Current i_file: 318
i_event = 0
Current i_file: 319
i_event = 0
Current i_file: 320
i_event = 0
Current i_file: 321
i_event = 0
Current i_file: 322
i_event = 0
Current i_file: 323
i_event = 0
Current i_file: 324
i_event = 0
Current i_file: 325
i_event = 0
Current i_file: 326
i_event = 0
Current i_file: 327
i_event = 0
Current i_file: 328
i_event = 0
Current i_file: 329
i_event = 0
Current i_file: 330
i_event = 0
Current i_file: 331
i_event = 0
Current i_file: 332
i_event = 0
Current i_file: 333
i_event = 0
Current i_file: 334
i_event = 0
Current i_file: 335
i_event = 0
Current i_file: 336
i_event = 0
Current i_file: 337
i_event = 0
Current i_file: 338
i_event = 0
Current i_file: 339
i_event = 0
Current i_file: 340
i_event = 0
Current i_file: 341
i_event = 0
Current i_file: 342
i_event = 0
Current i_file: 343
i_event = 0
Current i_file: 344
i_event = 0
Current i_file: 345
i_event = 0
Current i_file: 346
i_event = 0
Current i_file: 347
i_event = 0
Current i_file: 348
i_event = 0
Current i_file: 349
i_event = 0
Current i_file: 350
i_event = 0
Current i_file: 351
i_event = 0
Current i_file: 352
i_event = 0
Current i_file: 353
i_event = 0
Current i_file: 354
i_event = 0
Current i_file: 355
i_event = 0
Current i_file: 356
i_event = 0
Current i_file: 357
i_event = 0
Current i_file: 358
i_event = 0
Current i_file: 359
i_event = 0
Current i_file: 360
i_event = 0
Current i_file: 361
i_event = 0
Current i_file: 362
i_event = 0
Current i_file: 363
i_event = 0
Current i_file: 364
i_event = 0
Current i_file: 365
i_event = 0
Current i_file: 366
i_event = 0
Current i_file: 367
i_event = 0
Current i_file: 368
i_event = 0
Current i_file: 369
i_event = 0
Current i_file: 370
i_event = 0
Current i_file: 371
i_event = 0
Current i_file: 372
i_event = 0
Current i_file: 373
i_event = 0
Current i_file: 374
i_event = 0
Current i_file: 375
i_event = 0
Current i_file: 376
i_event = 0
Current i_file: 377
i_event = 0
Current i_file: 378
i_event = 0
Current i_file: 379
i_event = 0
Current i_file: 380
i_event = 0
Current i_file: 381
i_event = 0
Current i_file: 382
i_event = 0
Current i_file: 383
i_event = 0
Current i_file: 384
i_event = 0
Current i_file: 385
i_event = 0
Current i_file: 386
i_event = 0
Current i_file: 387
i_event = 0
Current i_file: 388
i_event = 0
Current i_file: 389
i_event = 0
Current i_file: 390
i_event = 0
Current i_file: 391
i_event = 0
Current i_file: 392
i_event = 0
Current i_file: 393
i_event = 0
Current i_file: 394
i_event = 0
Current i_file: 395
i_event = 0
Current i_file: 396
i_event = 0
Current i_file: 397
i_event = 0
Current i_file: 398
i_event = 0
Current i_file: 399
i_event = 0
Current i_file: 400
i_event = 0
Current i_file: 401
i_event = 0
Current i_file: 402
i_event = 0
Current i_file: 403
i_event = 0
Current i_file: 404
i_event = 0
Current i_file: 405
i_event = 0
Current i_file: 406
i_event = 0
Current i_file: 407
i_event = 0
Current i_file: 408
i_event = 0
Current i_file: 409
i_event = 0
Current i_file: 410
i_event = 0
Current i_file: 411
i_event = 0
Current i_file: 412
i_event = 0
Current i_file: 413
i_event = 0
Current i_file: 414
i_event = 0
Current i_file: 415
i_event = 0
Current i_file: 416
i_event = 0
Current i_file: 417
i_event = 0
Current i_file: 418
i_event = 0
Current i_file: 419
i_event = 0
Current i_file: 420
i_event = 0
Current i_file: 421
i_event = 0
Current i_file: 422
i_event = 0
Current i_file: 423
i_event = 0
Current i_file: 424
i_event = 0
Current i_file: 425
i_event = 0
Current i_file: 426
i_event = 0
Current i_file: 427
i_event = 0
Current i_file: 428
i_event = 0
Current i_file: 429
i_event = 0
Current i_file: 430
i_event = 0
Current i_file: 431
i_event = 0
Current i_file: 432
i_event = 0
Current i_file: 433
i_event = 0
Current i_file: 434
i_event = 0
Current i_file: 435
i_event = 0
Current i_file: 436
i_event = 0
Current i_file: 437
i_event = 0
Current i_file: 438
i_event = 0
Current i_file: 439
i_event = 0
Current i_file: 440
i_event = 0
Current i_file: 441
i_event = 0
Current i_file: 442
i_event = 0
Current i_file: 443
i_event = 0
Current i_file: 444
i_event = 0
Current i_file: 445
i_event = 0
Current i_file: 446
i_event = 0
Current i_file: 447
i_event = 0
Current i_file: 448
i_event = 0
Current i_file: 449
i_event = 0
Current i_file: 450
i_event = 0
Current i_file: 451
i_event = 0
Current i_file: 452
i_event = 0
Current i_file: 453
i_event = 0
Current i_file: 454
i_event = 0
Current i_file: 455
i_event = 0
Current i_file: 456
i_event = 0
Current i_file: 457
i_event = 0
Current i_file: 458
i_event = 0
Current i_file: 459
i_event = 0
Current i_file: 460
i_event = 0
Current i_file: 461
i_event = 0
Current i_file: 462
i_event = 0
Current i_file: 463
i_event = 0
Current i_file: 464
i_event = 0
Current i_file: 465
i_event = 0
Current i_file: 466
i_event = 0
Current i_file: 467
i_event = 0
Current i_file: 468
i_event = 0
Current i_file: 469
i_event = 0
Current i_file: 470
i_event = 0
Current i_file: 471
i_event = 0
Current i_file: 472
i_event = 0
Current i_file: 473
i_event = 0
Current i_file: 474
i_event = 0
Current i_file: 475
i_event = 0
Current i_file: 476
i_event = 0
Current i_file: 477
i_event = 0
Current i_file: 478
i_event = 0
Current i_file: 479
i_event = 0
Current i_file: 480
i_event = 0
Current i_file: 481
i_event = 0
Current i_file: 482
i_event = 0
Current i_file: 483
i_event = 0
Current i_file: 484
i_event = 0
Current i_file: 485
i_event = 0
Current i_file: 486
i_event = 0
Current i_file: 487
i_event = 0
Current i_file: 488
i_event = 0
Current i_file: 489
i_event = 0
Current i_file: 490
i_event = 0
Current i_file: 491
i_event = 0
Current i_file: 492
i_event = 0
Current i_file: 493
i_event = 0
Current i_file: 494
i_event = 0
Current i_file: 495
i_event = 0
Current i_file: 496
i_event = 0
Current i_file: 497
i_event = 0
Current i_file: 498
i_event = 0
Current i_file: 499
i_event = 0
Current i_file: 500
i_event = 0
Current i_file: 501
i_event = 0
Current i_file: 502
i_event = 0
Current i_file: 503
i_event = 0
Current i_file: 504
i_event = 0
Current i_file: 505
i_event = 0
Current i_file: 506
i_event = 0
Current i_file: 507
i_event = 0
Current i_file: 508
i_event = 0
Current i_file: 509
i_event = 0
Current i_file: 510
i_event = 0
Current i_file: 511
i_event = 0
Current i_file: 512
i_event = 0
Current i_file: 513
i_event = 0
Current i_file: 514
i_event = 0
Current i_file: 515
i_event = 0
Current i_file: 516
i_event = 0
Current i_file: 517
i_event = 0
Current i_file: 518
i_event = 0
Current i_file: 519
i_event = 0
Current i_file: 520
i_event = 0
Current i_file: 521
i_event = 0
Current i_file: 522
i_event = 0
Current i_file: 523
i_event = 0
Current i_file: 524
i_event = 0
Current i_file: 525
i_event = 0
Current i_file: 526
i_event = 0
Current i_file: 527
i_event = 0
Current i_file: 528
i_event = 0
Current i_file: 529
i_event = 0
Current i_file: 530
i_event = 0
Current i_file: 531
i_event = 0
Current i_file: 532
i_event = 0
Current i_file: 533
i_event = 0
Current i_file: 534
i_event = 0
Current i_file: 535
i_event = 0
Current i_file: 536
i_event = 0
Current i_file: 537
i_event = 0
Current i_file: 538
i_event = 0
Current i_file: 539
i_event = 0
Current i_file: 540
i_event = 0
Current i_file: 541
i_event = 0
Current i_file: 542
i_event = 0
Current i_file: 543
i_event = 0
Current i_file: 544
i_event = 0
Current i_file: 545
i_event = 0
Current i_file: 546
i_event = 0
Current i_file: 547
i_event = 0
Current i_file: 548
i_event = 0
Current i_file: 549
i_event = 0
Current i_file: 550
i_event = 0
Current i_file: 551
i_event = 0
Current i_file: 552
i_event = 0
Current i_file: 553
i_event = 0
Current i_file: 554
i_event = 0
Current i_file: 555
i_event = 0
Current i_file: 556
i_event = 0
Current i_file: 557
i_event = 0
Current i_file: 558
i_event = 0
Current i_file: 559
i_event = 0
Current i_file: 560
i_event = 0
Current i_file: 561
i_event = 0
Current i_file: 562
i_event = 0
Current i_file: 563
i_event = 0
Current i_file: 564
i_event = 0
Current i_file: 565
i_event = 0
Current i_file: 566
i_event = 0
Current i_file: 567
i_event = 0
Current i_file: 568
i_event = 0
Current i_file: 569
i_event = 0
Current i_file: 570
i_event = 0
Current i_file: 571
i_event = 0
Current i_file: 572
i_event = 0
Current i_file: 573
i_event = 0
Current i_file: 574
i_event = 0
Current i_file: 575
i_event = 0
Current i_file: 576
i_event = 0
Current i_file: 577
i_event = 0
Current i_file: 578
i_event = 0
Current i_file: 579
i_event = 0
Current i_file: 580
i_event = 0
Current i_file: 581
i_event = 0
Current i_file: 582
i_event = 0
Current i_file: 583
i_event = 0
Current i_file: 584
i_event = 0
Current i_file: 585
i_event = 0
Current i_file: 586
i_event = 0
Current i_file: 587
i_event = 0
Current i_file: 588
i_event = 0
Current i_file: 589
i_event = 0
Current i_file: 590
i_event = 0
Current i_file: 591
i_event = 0
Current i_file: 592
i_event = 0
Current i_file: 593
i_event = 0
Current i_file: 594
i_event = 0
Current i_file: 595
i_event = 0
Current i_file: 596
i_event = 0
Current i_file: 597
i_event = 0
Current i_file: 598
i_event = 0
Current i_file: 599
i_event = 0
Current i_file: 600
i_event = 0
Current i_file: 601
i_event = 0
Current i_file: 602
i_event = 0
Current i_file: 603
i_event = 0
Current i_file: 604
i_event = 0
Current i_file: 605
i_event = 0
Current i_file: 606
i_event = 0
Current i_file: 607
i_event = 0
Current i_file: 608
i_event = 0
Current i_file: 609
i_event = 0
Current i_file: 610
i_event = 0
Current i_file: 611
i_event = 0
Current i_file: 612
i_event = 0
Current i_file: 613
i_event = 0
Current i_file: 614
i_event = 0
Current i_file: 615
i_event = 0
Current i_file: 616
i_event = 0
Current i_file: 617
i_event = 0
Current i_file: 618
i_event = 0
Current i_file: 619
i_event = 0
Current i_file: 620
i_event = 0
Current i_file: 621
i_event = 0
Current i_file: 622
i_event = 0
Current i_file: 623
i_event = 0
Current i_file: 624
i_event = 0
Current i_file: 625
i_event = 0
Current i_file: 626
i_event = 0
Current i_file: 627
i_event = 0
Current i_file: 628
i_event = 0
Current i_file: 629
i_event = 0
Current i_file: 630
i_event = 0
Current i_file: 631
i_event = 0
Current i_file: 632
i_event = 0
Current i_file: 633
i_event = 0
Current i_file: 634
i_event = 0
Current i_file: 635
i_event = 0
Current i_file: 636
i_event = 0
Current i_file: 637
i_event = 0
Current i_file: 638
i_event = 0
Current i_file: 639
i_event = 0
Current i_file: 640
i_event = 0
Current i_file: 641
i_event = 0
Current i_file: 642
i_event = 0
Current i_file: 643
i_event = 0
Current i_file: 644
i_event = 0
Current i_file: 645
i_event = 0
Current i_file: 646
i_event = 0
Current i_file: 647
i_event = 0
Current i_file: 648
i_event = 0
Current i_file: 649
i_event = 0
Current i_file: 650
i_event = 0
Current i_file: 651
i_event = 0
Current i_file: 652
i_event = 0
Current i_file: 653
i_event = 0
Current i_file: 654
i_event = 0
Current i_file: 655
i_event = 0
Current i_file: 656
i_event = 0
Current i_file: 657
i_event = 0
Current i_file: 658
i_event = 0
Current i_file: 659
i_event = 0
Current i_file: 660
i_event = 0
Current i_file: 661
i_event = 0
Current i_file: 662
i_event = 0
Current i_file: 663
i_event = 0
Current i_file: 664
i_event = 0
Current i_file: 665
i_event = 0
Current i_file: 666
i_event = 0
Current i_file: 667
i_event = 0
Current i_file: 668
i_event = 0
Current i_file: 669
i_event = 0
Current i_file: 670
i_event = 0
Current i_file: 671
i_event = 0
Current i_file: 672
i_event = 0
Current i_file: 673
i_event = 0
Current i_file: 674
i_event = 0
Current i_file: 675
i_event = 0
Current i_file: 676
i_event = 0
Current i_file: 677
i_event = 0
Current i_file: 678
i_event = 0
Current i_file: 679
i_event = 0
Current i_file: 680
i_event = 0
Current i_file: 681
i_event = 0
Current i_file: 682
i_event = 0
Current i_file: 683
i_event = 0
Current i_file: 684
i_event = 0
Current i_file: 685
i_event = 0
Current i_file: 686
i_event = 0
Current i_file: 687
i_event = 0
Current i_file: 688
i_event = 0
Current i_file: 689
i_event = 0
Current i_file: 690
i_event = 0
Current i_file: 691
i_event = 0
Current i_file: 692
i_event = 0
Current i_file: 693
i_event = 0
Current i_file: 694
i_event = 0
Current i_file: 695
i_event = 0
Current i_file: 696
i_event = 0
Current i_file: 697
i_event = 0
Current i_file: 698
i_event = 0
Current i_file: 699
i_event = 0
Current i_file: 700
i_event = 0
Current i_file: 701
i_event = 0
Current i_file: 702
i_event = 0
Current i_file: 703
i_event = 0
Current i_file: 704
i_event = 0
Current i_file: 705
i_event = 0
Current i_file: 706
i_event = 0
Current i_file: 707
i_event = 0
Current i_file: 708
i_event = 0
Current i_file: 709
i_event = 0
Current i_file: 710
i_event = 0
Current i_file: 711
i_event = 0
Current i_file: 712
i_event = 0
Current i_file: 713
i_event = 0
Current i_file: 714
i_event = 0
Current i_file: 715
i_event = 0
Current i_file: 716
i_event = 0
Current i_file: 717
i_event = 0
Current i_file: 718
i_event = 0
Current i_file: 719
i_event = 0
Current i_file: 720
i_event = 0
Current i_file: 721
i_event = 0
Current i_file: 722
i_event = 0
Current i_file: 723
i_event = 0
Current i_file: 724
i_event = 0
Current i_file: 725
i_event = 0
Current i_file: 726
i_event = 0
Current i_file: 727
i_event = 0
Current i_file: 728
i_event = 0
Current i_file: 729
i_event = 0
Current i_file: 730
i_event = 0
Current i_file: 731
i_event = 0
Current i_file: 732
i_event = 0
Current i_file: 733
i_event = 0
Current i_file: 734
i_event = 0
Current i_file: 735
i_event = 0
Current i_file: 736
i_event = 0
Current i_file: 737
i_event = 0
Current i_file: 738
i_event = 0
Current i_file: 739
i_event = 0
Current i_file: 740
i_event = 0
Current i_file: 741
i_event = 0
Current i_file: 742
i_event = 0
Current i_file: 743
i_event = 0
Current i_file: 744
i_event = 0
Current i_file: 745
i_event = 0
Current i_file: 746
i_event = 0
Current i_file: 747
i_event = 0
Current i_file: 748
i_event = 0
Current i_file: 749
i_event = 0
Current i_file: 750
i_event = 0
Current i_file: 751
i_event = 0
Current i_file: 752
i_event = 0
Current i_file: 753
i_event = 0
Current i_file: 754
i_event = 0
Current i_file: 755
i_event = 0
Current i_file: 756
i_event = 0
Current i_file: 757
i_event = 0
Current i_file: 758
i_event = 0
Current i_file: 759
i_event = 0
Current i_file: 760
i_event = 0
Current i_file: 761
i_event = 0
Current i_file: 762
i_event = 0
Current i_file: 763
i_event = 0
Current i_file: 764
i_event = 0
Current i_file: 765
i_event = 0
Current i_file: 766
i_event = 0
Current i_file: 767
i_event = 0
Current i_file: 768
i_event = 0
Current i_file: 769
i_event = 0
Current i_file: 770
i_event = 0
Current i_file: 771
i_event = 0
Current i_file: 772
i_event = 0
Current i_file: 773
i_event = 0
Current i_file: 774
i_event = 0
Current i_file: 775
i_event = 0
Current i_file: 776
i_event = 0
Current i_file: 777
i_event = 0
Current i_file: 778
i_event = 0
Current i_file: 779
i_event = 0
Current i_file: 780
i_event = 0
Current i_file: 781
i_event = 0
Current i_file: 782
i_event = 0
Current i_file: 783
i_event = 0
Current i_file: 784
i_event = 0
Current i_file: 785
i_event = 0
Current i_file: 786
i_event = 0
Current i_file: 787
i_event = 0
Current i_file: 788
i_event = 0
Current i_file: 789
i_event = 0
Current i_file: 790
i_event = 0
Current i_file: 791
i_event = 0
Current i_file: 792
i_event = 0
Current i_file: 793
i_event = 0
Current i_file: 794
i_event = 0
Current i_file: 795
i_event = 0
Current i_file: 796
i_event = 0
Current i_file: 797
i_event = 0
Current i_file: 798
i_event = 0
Current i_file: 799
i_event = 0
Current i_file: 800
i_event = 0
Current i_file: 801
i_event = 0
Current i_file: 802
i_event = 0
Current i_file: 803
i_event = 0
Current i_file: 804
i_event = 0
Current i_file: 805
i_event = 0
Current i_file: 806
i_event = 0
Current i_file: 807
i_event = 0
Current i_file: 808
i_event = 0
Current i_file: 809
i_event = 0
Current i_file: 810
i_event = 0
Current i_file: 811
i_event = 0
Current i_file: 812
i_event = 0
Current i_file: 813
i_event = 0
Current i_file: 814
i_event = 0
Current i_file: 815
i_event = 0
Current i_file: 816
i_event = 0
Current i_file: 817
i_event = 0
Current i_file: 818
i_event = 0
Current i_file: 819
i_event = 0
Current i_file: 820
i_event = 0
Current i_file: 821
i_event = 0
Current i_file: 822
i_event = 0
Current i_file: 823
i_event = 0
Current i_file: 824
i_event = 0
Current i_file: 825
i_event = 0
Current i_file: 826
i_event = 0
Current i_file: 827
i_event = 0
Current i_file: 828
i_event = 0
Current i_file: 829
i_event = 0
Current i_file: 830
i_event = 0
Current i_file: 831
i_event = 0
Current i_file: 832
i_event = 0
Current i_file: 833
i_event = 0
Current i_file: 834
i_event = 0
Current i_file: 835
i_event = 0
Current i_file: 836
i_event = 0
Current i_file: 837
i_event = 0
Current i_file: 838
i_event = 0
Current i_file: 839
i_event = 0
Current i_file: 840
i_event = 0
Current i_file: 841
i_event = 0
Current i_file: 842
i_event = 0
Current i_file: 843
i_event = 0
Current i_file: 844
i_event = 0
Current i_file: 845
i_event = 0
Current i_file: 846
i_event = 0
Current i_file: 847
i_event = 0
Current i_file: 848
i_event = 0
Current i_file: 849
i_event = 0
Current i_file: 850
i_event = 0
Current i_file: 851
i_event = 0
Current i_file: 852
i_event = 0
Current i_file: 853
i_event = 0
Current i_file: 854
i_event = 0
Current i_file: 855
i_event = 0
Current i_file: 856
i_event = 0
Current i_file: 857
i_event = 0
Current i_file: 858
i_event = 0
Current i_file: 859
i_event = 0
Current i_file: 860
i_event = 0
Current i_file: 861
i_event = 0
Current i_file: 862
i_event = 0
Current i_file: 863
i_event = 0
Current i_file: 864
i_event = 0
Current i_file: 865
i_event = 0
Current i_file: 866
i_event = 0
Current i_file: 867
i_event = 0
Current i_file: 868
i_event = 0
Current i_file: 869
i_event = 0
Current i_file: 870
i_event = 0
Current i_file: 871
i_event = 0
Current i_file: 872
i_event = 0
Current i_file: 873
i_event = 0
Current i_file: 874
i_event = 0
Current i_file: 875
i_event = 0
Current i_file: 876
i_event = 0
Current i_file: 877
i_event = 0
Current i_file: 878
i_event = 0
Current i_file: 879
i_event = 0
Current i_file: 880
i_event = 0
Current i_file: 881
i_event = 0
Current i_file: 882
i_event = 0
Current i_file: 883
i_event = 0
Current i_file: 884
i_event = 0
Current i_file: 885
i_event = 0
Current i_file: 886
i_event = 0
Current i_file: 887
i_event = 0
Current i_file: 888
i_event = 0
Current i_file: 889
i_event = 0
Current i_file: 890
i_event = 0
Current i_file: 891
i_event = 0
Current i_file: 892
i_event = 0
Current i_file: 893
i_event = 0
Current i_file: 894
i_event = 0
Current i_file: 895
i_event = 0
Current i_file: 896
i_event = 0
Current i_file: 897
i_event = 0
Current i_file: 898
i_event = 0
Current i_file: 899
i_event = 0
Current i_file: 900
i_event = 0
Current i_file: 901
i_event = 0
Current i_file: 902
i_event = 0
Current i_file: 903
i_event = 0
Current i_file: 904
i_event = 0
Current i_file: 905
i_event = 0
Current i_file: 906
i_event = 0
Current i_file: 907
i_event = 0
Current i_file: 908
i_event = 0
Current i_file: 909
i_event = 0
Current i_file: 910
i_event = 0
Current i_file: 911
i_event = 0
Current i_file: 912
i_event = 0
Current i_file: 913
i_event = 0
Current i_file: 914
i_event = 0
Current i_file: 915
i_event = 0
Current i_file: 916
i_event = 0
Current i_file: 917
i_event = 0
Current i_file: 918
i_event = 0
Current i_file: 919
i_event = 0
Current i_file: 920
i_event = 0
Current i_file: 921
i_event = 0
Current i_file: 922
i_event = 0
Current i_file: 923
i_event = 0
Current i_file: 924
i_event = 0
Current i_file: 925
i_event = 0
Current i_file: 926
i_event = 0
Current i_file: 927
i_event = 0
Current i_file: 928
i_event = 0
Current i_file: 929
i_event = 0
Current i_file: 930
i_event = 0
Current i_file: 931
i_event = 0
Current i_file: 932
i_event = 0
Current i_file: 933
i_event = 0
Current i_file: 934
i_event = 0
Current i_file: 935
i_event = 0
Current i_file: 936
i_event = 0
Current i_file: 937
i_event = 0
Current i_file: 938
i_event = 0
Current i_file: 939
i_event = 0
Current i_file: 940
i_event = 0
Current i_file: 941
i_event = 0
Current i_file: 942
i_event = 0
Current i_file: 943
i_event = 0
Current i_file: 944
i_event = 0
Current i_file: 945
i_event = 0
Current i_file: 946
i_event = 0
Current i_file: 947
i_event = 0
Current i_file: 948
i_event = 0
Current i_file: 949
i_event = 0
Current i_file: 950
i_event = 0
Current i_file: 951
i_event = 0
Current i_file: 952
i_event = 0
Current i_file: 953
i_event = 0
Current i_file: 954
i_event = 0
Current i_file: 955
i_event = 0
Current i_file: 956
i_event = 0
Current i_file: 957
i_event = 0
Current i_file: 958
i_event = 0
Current i_file: 959
i_event = 0
Current i_file: 960
i_event = 0
Current i_file: 961
i_event = 0
Current i_file: 962
i_event = 0
Current i_file: 963
i_event = 0
Current i_file: 964
i_event = 0
Current i_file: 965
i_event = 0
Current i_file: 966
i_event = 0
Current i_file: 967
i_event = 0
Current i_file: 968
i_event = 0
Current i_file: 969
i_event = 0
Current i_file: 970
i_event = 0
Current i_file: 971
i_event = 0
Current i_file: 972
i_event = 0
Current i_file: 973
i_event = 0
Current i_file: 974
i_event = 0
Current i_file: 975
i_event = 0
Current i_file: 976
i_event = 0
Current i_file: 977
i_event = 0
Current i_file: 978
i_event = 0
Current i_file: 979
i_event = 0
Current i_file: 980
i_event = 0
Current i_file: 981
i_event = 0
Current i_file: 982
i_event = 0
Current i_file: 983
i_event = 0
Current i_file: 984
i_event = 0
Current i_file: 985
i_event = 0
Current i_file: 986
i_event = 0
Current i_file: 987
i_event = 0
Current i_file: 988
i_event = 0
Current i_file: 989
i_event = 0
Current i_file: 990
i_event = 0
Current i_file: 991
i_event = 0
Current i_file: 992
i_event = 0
Current i_file: 993
i_event = 0
Current i_file: 994
i_event = 0
Current i_file: 995
i_event = 0
Current i_file: 996
i_event = 0
Current i_file: 997
i_event = 0
Current i_file: 998
i_event = 0
Current i_file: 999
i_event = 0

This is the end of STAR ROOT -- Goodbye

   ------------------------------------------------------------------
  | Welcome to ROOT 6.24/06                        https://root.cern |
  | (c) 1995-2021, The ROOT Team; conception: R. Brun, F. Rademakers |
  | Built for linuxx8664gcc on Sep 02 2021, 14:20:23                 |
  | From tags/v6-24-06@v6-24-06                                      |
  | With g++ (GCC) 4.8.5 20150623 (Red Hat 4.8.5-11)                 |
  | Try '.help', '.demo', '.license', '.credits', '.quit'/'.q'       |
   ------------------------------------------------------------------

cling::DynamicLibraryManager::loadLibrary(): /afs/rhic.bnl.gov/star/packages/release1/SL24b/.sl73_gcc485/obj/StRoot/StarClassLibrary/StarClassLibrary.so: wrong ELF class: ELFCLASS32
cling::DynamicLibraryManager::loadLibrary(): /afs/rhic.bnl.gov/star/packages/release1/SL24b/.sl73_gcc485/obj/StRoot/StarRoot/StarRoot.so: wrong ELF class: ELFCLASS32
 *** Start at Date : Sat Nov 22 16:50:03 2025

Processing JAM2_TreeMarker_FIXTARGET.C...
Check:
Before Boost:Px=0 ;Py=0 ;Pz=-1.17054 ;E=1.5
After Boost:Px=0 ;Py=0 ;Pz=0.0034849 ;E=0.938006
Current i_file: 0
i_event = 0
Current i_file: 1
i_event = 0
Current i_file: 2
i_event = 0
Current i_file: 3
i_event = 0
Current i_file: 4
i_event = 0
Current i_file: 5
i_event = 0
Current i_file: 6
i_event = 0
Current i_file: 7
i_event = 0
Current i_file: 8
i_event = 0
Current i_file: 9
i_event = 0
Current i_file: 10
i_event = 0
Current i_file: 11
i_event = 0
Current i_file: 12
i_event = 0
Current i_file: 13
i_event = 0
Current i_file: 14
i_event = 0
Current i_file: 15
i_event = 0
Current i_file: 16
i_event = 0
Current i_file: 17
i_event = 0
Current i_file: 18
i_event = 0
Current i_file: 19
i_event = 0
Current i_file: 20
i_event = 0
Current i_file: 21
i_event = 0
Current i_file: 22
i_event = 0
Current i_file: 23
i_event = 0
Current i_file: 24
i_event = 0
Current i_file: 25
i_event = 0
Current i_file: 26
i_event = 0
Current i_file: 27
i_event = 0
Current i_file: 28
i_event = 0
Current i_file: 29
i_event = 0
Current i_file: 30
i_event = 0
Current i_file: 31
i_event = 0
Current i_file: 32
i_event = 0
Current i_file: 33
i_event = 0
Current i_file: 34
i_event = 0
Current i_file: 35
i_event = 0
Current i_file: 36
i_event = 0
Current i_file: 37
i_event = 0
Current i_file: 38
i_event = 0
Current i_file: 39
i_event = 0
Current i_file: 40
i_event = 0
Current i_file: 41
i_event = 0
Current i_file: 42
i_event = 0
Current i_file: 43
i_event = 0
Current i_file: 44
i_event = 0
Current i_file: 45
i_event = 0
Current i_file: 46
i_event = 0
Current i_file: 47
i_event = 0
Current i_file: 48
i_event = 0
Current i_file: 49
i_event = 0
Current i_file: 50
i_event = 0
Current i_file: 51
i_event = 0
Current i_file: 52
i_event = 0
Current i_file: 53
i_event = 0
Current i_file: 54
i_event = 0
Current i_file: 55
i_event = 0
Current i_file: 56
i_event = 0
Current i_file: 57
i_event = 0
Current i_file: 58
i_event = 0
Current i_file: 59
i_event = 0
Current i_file: 60
i_event = 0
Current i_file: 61
i_event = 0
Current i_file: 62
i_event = 0
Current i_file: 63
i_event = 0
Current i_file: 64
i_event = 0
Current i_file: 65
i_event = 0
Current i_file: 66
i_event = 0
Current i_file: 67
i_event = 0
Current i_file: 68
i_event = 0
Current i_file: 69
i_event = 0
Current i_file: 70
i_event = 0
Current i_file: 71
i_event = 0
Current i_file: 72
i_event = 0
Current i_file: 73
i_event = 0
Current i_file: 74
i_event = 0
Current i_file: 75
i_event = 0
Current i_file: 76
i_event = 0
Current i_file: 77
i_event = 0
Current i_file: 78
i_event = 0
Current i_file: 79
i_event = 0
Current i_file: 80
i_event = 0
Current i_file: 81
i_event = 0
Current i_file: 82
i_event = 0
Current i_file: 83
i_event = 0
Current i_file: 84
i_event = 0
Current i_file: 85
i_event = 0
Current i_file: 86
i_event = 0
Current i_file: 87
i_event = 0
Current i_file: 88
i_event = 0
Current i_file: 89
i_event = 0
Current i_file: 90
i_event = 0
Current i_file: 91
i_event = 0
Current i_file: 92
i_event = 0
Current i_file: 93
i_event = 0
Current i_file: 94
i_event = 0
Current i_file: 95
i_event = 0
Current i_file: 96
i_event = 0
Current i_file: 97
i_event = 0
Current i_file: 98
i_event = 0
Current i_file: 99
i_event = 0
Current i_file: 100
i_event = 0
Current i_file: 101
i_event = 0
Current i_file: 102
i_event = 0
Current i_file: 103
i_event = 0
Current i_file: 104
i_event = 0
Current i_file: 105
i_event = 0
Current i_file: 106
i_event = 0
Current i_file: 107
i_event = 0
Current i_file: 108
i_event = 0
Current i_file: 109
i_event = 0
Current i_file: 110
i_event = 0
Current i_file: 111
i_event = 0
Current i_file: 112
i_event = 0
Current i_file: 113
i_event = 0
Current i_file: 114
i_event = 0
Current i_file: 115
i_event = 0
Current i_file: 116
i_event = 0
Current i_file: 117
i_event = 0
Current i_file: 118
i_event = 0
Current i_file: 119
i_event = 0
Current i_file: 120
i_event = 0
Current i_file: 121
i_event = 0
Current i_file: 122
i_event = 0
Current i_file: 123
i_event = 0
Current i_file: 124
i_event = 0
Current i_file: 125
i_event = 0
Current i_file: 126
i_event = 0
Current i_file: 127
i_event = 0
Current i_file: 128
i_event = 0
Current i_file: 129
i_event = 0
Current i_file: 130
i_event = 0
Current i_file: 131
i_event = 0
Current i_file: 132
i_event = 0
Current i_file: 133
i_event = 0
Current i_file: 134
i_event = 0
Current i_file: 135
i_event = 0
Current i_file: 136
i_event = 0
Current i_file: 137
i_event = 0
Current i_file: 138
i_event = 0
Current i_file: 139
i_event = 0
Current i_file: 140
i_event = 0
Current i_file: 141
i_event = 0
Current i_file: 142
i_event = 0
Current i_file: 143
i_event = 0
Current i_file: 144
i_event = 0
Current i_file: 145
i_event = 0
Current i_file: 146
i_event = 0
Current i_file: 147
i_event = 0
Current i_file: 148
i_event = 0
Current i_file: 149
i_event = 0
Current i_file: 150
i_event = 0
Current i_file: 151
i_event = 0
Current i_file: 152
i_event = 0
Current i_file: 153
i_event = 0
Current i_file: 154
i_event = 0
Current i_file: 155
i_event = 0
Current i_file: 156
i_event = 0
Current i_file: 157
i_event = 0
Current i_file: 158
i_event = 0
Current i_file: 159
i_event = 0
Current i_file: 160
i_event = 0
Current i_file: 161
i_event = 0
Current i_file: 162
i_event = 0
Current i_file: 163
i_event = 0
Current i_file: 164
i_event = 0
Current i_file: 165
i_event = 0
Current i_file: 166
i_event = 0
Current i_file: 167
i_event = 0
Current i_file: 168
i_event = 0
Current i_file: 169
i_event = 0
Current i_file: 170
i_event = 0
Current i_file: 171
i_event = 0
Current i_file: 172
i_event = 0
Current i_file: 173
i_event = 0
Current i_file: 174
i_event = 0
Current i_file: 175
i_event = 0
Current i_file: 176
i_event = 0
Current i_file: 177
i_event = 0
Current i_file: 178
i_event = 0
Current i_file: 179
i_event = 0
Current i_file: 180
i_event = 0
Current i_file: 181
i_event = 0
Current i_file: 182
i_event = 0
Current i_file: 183
i_event = 0
Current i_file: 184
i_event = 0
Current i_file: 185
i_event = 0
Current i_file: 186
i_event = 0
Current i_file: 187
i_event = 0
Current i_file: 188
i_event = 0
Current i_file: 189
i_event = 0
Current i_file: 190
i_event = 0
Current i_file: 191
i_event = 0
Current i_file: 192
i_event = 0
Current i_file: 193
i_event = 0
Current i_file: 194
i_event = 0
Current i_file: 195
i_event = 0
Current i_file: 196
i_event = 0
Current i_file: 197
i_event = 0
Current i_file: 198
i_event = 0
Current i_file: 199
i_event = 0
Current i_file: 200
i_event = 0
Current i_file: 201
i_event = 0
Current i_file: 202
i_event = 0
Current i_file: 203
i_event = 0
Current i_file: 204
i_event = 0
Current i_file: 205
i_event = 0
Current i_file: 206
i_event = 0
Current i_file: 207
i_event = 0
Current i_file: 208
i_event = 0
Current i_file: 209
i_event = 0
Current i_file: 210
i_event = 0
Current i_file: 211
i_event = 0
Current i_file: 212
i_event = 0
Current i_file: 213
i_event = 0
Current i_file: 214
i_event = 0
Current i_file: 215
i_event = 0
Current i_file: 216
i_event = 0
Current i_file: 217
i_event = 0
Current i_file: 218
i_event = 0
Current i_file: 219
i_event = 0
Current i_file: 220
i_event = 0
Current i_file: 221
i_event = 0
Current i_file: 222
i_event = 0
Current i_file: 223
i_event = 0
Current i_file: 224
i_event = 0
Current i_file: 225
i_event = 0
Current i_file: 226
i_event = 0
Current i_file: 227
i_event = 0
Current i_file: 228
i_event = 0
Current i_file: 229
i_event = 0
Current i_file: 230
i_event = 0
Current i_file: 231
i_event = 0
Current i_file: 232
i_event = 0
Current i_file: 233
i_event = 0
Current i_file: 234
i_event = 0
Current i_file: 235
i_event = 0
Current i_file: 236
i_event = 0
Current i_file: 237
i_event = 0
Current i_file: 238
i_event = 0
Current i_file: 239
i_event = 0
Current i_file: 240
i_event = 0
Current i_file: 241
i_event = 0
Current i_file: 242
i_event = 0
Current i_file: 243
i_event = 0
Current i_file: 244
i_event = 0
Current i_file: 245
i_event = 0
Current i_file: 246
i_event = 0
Current i_file: 247
i_event = 0
Current i_file: 248
i_event = 0
Current i_file: 249
i_event = 0
Current i_file: 250
i_event = 0
Current i_file: 251
i_event = 0
Current i_file: 252
i_event = 0
Current i_file: 253
i_event = 0
Current i_file: 254
i_event = 0
Current i_file: 255
i_event = 0
Current i_file: 256
i_event = 0
Current i_file: 257
i_event = 0
Current i_file: 258
i_event = 0
Current i_file: 259
i_event = 0
Current i_file: 260
i_event = 0
Current i_file: 261
i_event = 0
Current i_file: 262
i_event = 0
Current i_file: 263
i_event = 0
Current i_file: 264
i_event = 0
Current i_file: 265
i_event = 0
Current i_file: 266
i_event = 0
Current i_file: 267
i_event = 0
Current i_file: 268
i_event = 0
Current i_file: 269
i_event = 0
Current i_file: 270
i_event = 0
Current i_file: 271
i_event = 0
Current i_file: 272
i_event = 0
Current i_file: 273
i_event = 0
Current i_file: 274
i_event = 0
Current i_file: 275
i_event = 0
Current i_file: 276
i_event = 0
Current i_file: 277
i_event = 0
Current i_file: 278
i_event = 0
Current i_file: 279
i_event = 0
Current i_file: 280
i_event = 0
Current i_file: 281
i_event = 0
Current i_file: 282
i_event = 0
Current i_file: 283
i_event = 0
Current i_file: 284
i_event = 0
Current i_file: 285
i_event = 0
Current i_file: 286
i_event = 0
Current i_file: 287
i_event = 0
Current i_file: 288
i_event = 0
Current i_file: 289
i_event = 0
Current i_file: 290
i_event = 0
Current i_file: 291
i_event = 0
Current i_file: 292
i_event = 0
Current i_file: 293
i_event = 0
Current i_file: 294
i_event = 0
Current i_file: 295
i_event = 0
Current i_file: 296
i_event = 0
Current i_file: 297
i_event = 0
Current i_file: 298
i_event = 0
Current i_file: 299
i_event = 0
Current i_file: 300
i_event = 0
Current i_file: 301
i_event = 0
Current i_file: 302
i_event = 0
Current i_file: 303
i_event = 0
Current i_file: 304
i_event = 0
Current i_file: 305
i_event = 0
Current i_file: 306
i_event = 0
Current i_file: 307
i_event = 0
Current i_file: 308
i_event = 0
Current i_file: 309
i_event = 0
Current i_file: 310
i_event = 0
Current i_file: 311
i_event = 0
Current i_file: 312
i_event = 0
Current i_file: 313
i_event = 0
Current i_file: 314
i_event = 0
Current i_file: 315
i_event = 0
Current i_file: 316
i_event = 0
Current i_file: 317
i_event = 0
Current i_file: 318
i_event = 0
Current i_file: 319
i_event = 0
Current i_file: 320
i_event = 0
Current i_file: 321
i_event = 0
Current i_file: 322
i_event = 0
Current i_file: 323
i_event = 0
Current i_file: 324
i_event = 0
Current i_file: 325
i_event = 0
Current i_file: 326
i_event = 0
Current i_file: 327
i_event = 0
Current i_file: 328
i_event = 0
Current i_file: 329
i_event = 0
Current i_file: 330
i_event = 0
Current i_file: 331
i_event = 0
Current i_file: 332
i_event = 0
Current i_file: 333
i_event = 0
Current i_file: 334
i_event = 0
Current i_file: 335
i_event = 0
Current i_file: 336
i_event = 0
Current i_file: 337
i_event = 0
Current i_file: 338
i_event = 0
Current i_file: 339
i_event = 0
Current i_file: 340
i_event = 0
Current i_file: 341
i_event = 0
Current i_file: 342
i_event = 0
Current i_file: 343
i_event = 0
Current i_file: 344
i_event = 0
Current i_file: 345
i_event = 0
Current i_file: 346
i_event = 0
Current i_file: 347
i_event = 0
Current i_file: 348
i_event = 0
Current i_file: 349
i_event = 0
Current i_file: 350
i_event = 0
Current i_file: 351
i_event = 0
Current i_file: 352
i_event = 0
Current i_file: 353
i_event = 0
Current i_file: 354
i_event = 0
Current i_file: 355
i_event = 0
Current i_file: 356
i_event = 0
Current i_file: 357
i_event = 0
Current i_file: 358
i_event = 0
Current i_file: 359
i_event = 0
Current i_file: 360
i_event = 0
Current i_file: 361
i_event = 0
Current i_file: 362
i_event = 0
Current i_file: 363
i_event = 0
Current i_file: 364
i_event = 0
Current i_file: 365
i_event = 0
Current i_file: 366
i_event = 0
Current i_file: 367
i_event = 0
Current i_file: 368
i_event = 0
Current i_file: 369
i_event = 0
Current i_file: 370
i_event = 0
Current i_file: 371
i_event = 0
Current i_file: 372
i_event = 0
Current i_file: 373
i_event = 0
Current i_file: 374
i_event = 0
Current i_file: 375
i_event = 0
Current i_file: 376
i_event = 0
Current i_file: 377
i_event = 0
Current i_file: 378
i_event = 0
Current i_file: 379
i_event = 0
Current i_file: 380
i_event = 0
Current i_file: 381
i_event = 0
Current i_file: 382
i_event = 0
Current i_file: 383
i_event = 0
Current i_file: 384
i_event = 0
Current i_file: 385
i_event = 0
Current i_file: 386
i_event = 0
Current i_file: 387
i_event = 0
Current i_file: 388
i_event = 0
Current i_file: 389
i_event = 0
Current i_file: 390
i_event = 0
Current i_file: 391
i_event = 0
Current i_file: 392
i_event = 0
Current i_file: 393
i_event = 0
Current i_file: 394
i_event = 0
Current i_file: 395
i_event = 0
Current i_file: 396
i_event = 0
Current i_file: 397
i_event = 0
Current i_file: 398
i_event = 0
Current i_file: 399
i_event = 0
Current i_file: 400
i_event = 0
Current i_file: 401
i_event = 0
Current i_file: 402
i_event = 0
Current i_file: 403
i_event = 0
Current i_file: 404
i_event = 0
Current i_file: 405
i_event = 0
Current i_file: 406
i_event = 0
Current i_file: 407
i_event = 0
Current i_file: 408
i_event = 0
Current i_file: 409
i_event = 0
Current i_file: 410
i_event = 0
Current i_file: 411
i_event = 0
Current i_file: 412
i_event = 0
Current i_file: 413
i_event = 0
Current i_file: 414
i_event = 0
Current i_file: 415
i_event = 0
Current i_file: 416
i_event = 0
Current i_file: 417
i_event = 0
Current i_file: 418
i_event = 0
Current i_file: 419
i_event = 0
Current i_file: 420
i_event = 0
Current i_file: 421
i_event = 0
Current i_file: 422
i_event = 0
Current i_file: 423
i_event = 0
Current i_file: 424
i_event = 0
Current i_file: 425
i_event = 0
Current i_file: 426
i_event = 0
Current i_file: 427
i_event = 0
Current i_file: 428
i_event = 0
Current i_file: 429
i_event = 0
Current i_file: 430
i_event = 0
Current i_file: 431
i_event = 0
Current i_file: 432
i_event = 0
Current i_file: 433
i_event = 0
Current i_file: 434
i_event = 0
Current i_file: 435
i_event = 0
Current i_file: 436
i_event = 0
Current i_file: 437
i_event = 0
Current i_file: 438
i_event = 0
Current i_file: 439
i_event = 0
Current i_file: 440
i_event = 0
Current i_file: 441
i_event = 0
Current i_file: 442
i_event = 0
Current i_file: 443
i_event = 0
Current i_file: 444
i_event = 0
Current i_file: 445
i_event = 0
Current i_file: 446
i_event = 0
Current i_file: 447
i_event = 0
Current i_file: 448
i_event = 0
Current i_file: 449
i_event = 0
Current i_file: 450
i_event = 0
Current i_file: 451
i_event = 0
Current i_file: 452
i_event = 0
Current i_file: 453
i_event = 0
Current i_file: 454
i_event = 0
Current i_file: 455
i_event = 0
Current i_file: 456
i_event = 0
Current i_file: 457
i_event = 0
Current i_file: 458
i_event = 0
Current i_file: 459
i_event = 0
Current i_file: 460
i_event = 0
Current i_file: 461
i_event = 0
Current i_file: 462
i_event = 0
Current i_file: 463
i_event = 0
Current i_file: 464
i_event = 0
Current i_file: 465
i_event = 0
Current i_file: 466
i_event = 0
Current i_file: 467
i_event = 0
Current i_file: 468
i_event = 0
Current i_file: 469
i_event = 0
Current i_file: 470
i_event = 0
Current i_file: 471
i_event = 0
Current i_file: 472
i_event = 0
Current i_file: 473
i_event = 0
Current i_file: 474
i_event = 0
Current i_file: 475
i_event = 0
Current i_file: 476
i_event = 0
Current i_file: 477
i_event = 0
Current i_file: 478
i_event = 0
Current i_file: 479
i_event = 0
Current i_file: 480
i_event = 0
Current i_file: 481
i_event = 0
Current i_file: 482
i_event = 0
Current i_file: 483
i_event = 0
Current i_file: 484
i_event = 0
Current i_file: 485
i_event = 0
Current i_file: 486
i_event = 0
Current i_file: 487
i_event = 0
Current i_file: 488
i_event = 0
Current i_file: 489
i_event = 0
Current i_file: 490
i_event = 0
Current i_file: 491
i_event = 0
Current i_file: 492
i_event = 0
Current i_file: 493
i_event = 0
Current i_file: 494
i_event = 0
Current i_file: 495
i_event = 0
Current i_file: 496
i_event = 0
Current i_file: 497
i_event = 0
Current i_file: 498
i_event = 0
Current i_file: 499
i_event = 0
Current i_file: 500
i_event = 0
Current i_file: 501
i_event = 0
Current i_file: 502
i_event = 0
Current i_file: 503
i_event = 0
Current i_file: 504
i_event = 0
Current i_file: 505
i_event = 0
Current i_file: 506
i_event = 0
Current i_file: 507
i_event = 0
Current i_file: 508
i_event = 0
Current i_file: 509
i_event = 0
Current i_file: 510
i_event = 0
Current i_file: 511
i_event = 0
Current i_file: 512
i_event = 0
Current i_file: 513
i_event = 0
Current i_file: 514
i_event = 0
Current i_file: 515
i_event = 0
Current i_file: 516
i_event = 0
Current i_file: 517
i_event = 0
Current i_file: 518
i_event = 0
Current i_file: 519
i_event = 0
Current i_file: 520
i_event = 0
Current i_file: 521
i_event = 0
Current i_file: 522
i_event = 0
Current i_file: 523
i_event = 0
Current i_file: 524
i_event = 0
Current i_file: 525
i_event = 0
Current i_file: 526
i_event = 0
Current i_file: 527
i_event = 0
Current i_file: 528
i_event = 0
Current i_file: 529
i_event = 0
Current i_file: 530
i_event = 0
Current i_file: 531
i_event = 0
Current i_file: 532
i_event = 0
Current i_file: 533
i_event = 0
Current i_file: 534
i_event = 0
Current i_file: 535
i_event = 0
Current i_file: 536
i_event = 0
Current i_file: 537
i_event = 0
Current i_file: 538
i_event = 0
Current i_file: 539
i_event = 0
Current i_file: 540
i_event = 0
Current i_file: 541
i_event = 0
Current i_file: 542
i_event = 0
Current i_file: 543
i_event = 0
Current i_file: 544
i_event = 0
Current i_file: 545
i_event = 0
Current i_file: 546
i_event = 0
Current i_file: 547
i_event = 0
Current i_file: 548
i_event = 0
Current i_file: 549
i_event = 0
Current i_file: 550
i_event = 0
Current i_file: 551
i_event = 0
Current i_file: 552
i_event = 0
Current i_file: 553
i_event = 0
Current i_file: 554
i_event = 0
Current i_file: 555
i_event = 0
Current i_file: 556
i_event = 0
Current i_file: 557
i_event = 0
Current i_file: 558
i_event = 0
Current i_file: 559
i_event = 0
Current i_file: 560
i_event = 0
Current i_file: 561
i_event = 0
Current i_file: 562
i_event = 0
Current i_file: 563
i_event = 0
Current i_file: 564
i_event = 0
Current i_file: 565
i_event = 0
Current i_file: 566
i_event = 0
Current i_file: 567
i_event = 0
Current i_file: 568
i_event = 0
Current i_file: 569
i_event = 0
Current i_file: 570
i_event = 0
Current i_file: 571
i_event = 0
Current i_file: 572
i_event = 0
Current i_file: 573
i_event = 0
Current i_file: 574
i_event = 0
Current i_file: 575
i_event = 0
Current i_file: 576
i_event = 0
Current i_file: 577
i_event = 0
Current i_file: 578
i_event = 0
Current i_file: 579
i_event = 0
Current i_file: 580
i_event = 0
Current i_file: 581
i_event = 0
Current i_file: 582
i_event = 0
Current i_file: 583
i_event = 0
Current i_file: 584
i_event = 0
Current i_file: 585
i_event = 0
Current i_file: 586
i_event = 0
Current i_file: 587
i_event = 0
Current i_file: 588
i_event = 0
Current i_file: 589
i_event = 0
Current i_file: 590
i_event = 0
Current i_file: 591
i_event = 0
Current i_file: 592
i_event = 0
Current i_file: 593
i_event = 0
Current i_file: 594
i_event = 0
Current i_file: 595
i_event = 0
Current i_file: 596
i_event = 0
Current i_file: 597
i_event = 0
Current i_file: 598
i_event = 0
Current i_file: 599
i_event = 0
Current i_file: 600
i_event = 0
Current i_file: 601
i_event = 0
Current i_file: 602
i_event = 0
Current i_file: 603
i_event = 0
Current i_file: 604
i_event = 0
Current i_file: 605
i_event = 0
Current i_file: 606
i_event = 0
Current i_file: 607
i_event = 0
Current i_file: 608
i_event = 0
Current i_file: 609
i_event = 0
Current i_file: 610
i_event = 0
Current i_file: 611
i_event = 0
Current i_file: 612
i_event = 0
Current i_file: 613
i_event = 0
Current i_file: 614
i_event = 0
Current i_file: 615
i_event = 0
Current i_file: 616
i_event = 0
Current i_file: 617
i_event = 0
Current i_file: 618
i_event = 0
Current i_file: 619
i_event = 0
Current i_file: 620
i_event = 0
Current i_file: 621
i_event = 0
Current i_file: 622
i_event = 0
Current i_file: 623
i_event = 0
Current i_file: 624
i_event = 0
Current i_file: 625
i_event = 0
Current i_file: 626
i_event = 0
Current i_file: 627
i_event = 0
Current i_file: 628
i_event = 0
Current i_file: 629
i_event = 0
Current i_file: 630
i_event = 0
Current i_file: 631
i_event = 0
Current i_file: 632
i_event = 0
Current i_file: 633
i_event = 0
Current i_file: 634
i_event = 0
Current i_file: 635
i_event = 0
Current i_file: 636
i_event = 0
Current i_file: 637
i_event = 0
Current i_file: 638
i_event = 0
Current i_file: 639
i_event = 0
Current i_file: 640
i_event = 0
Current i_file: 641
i_event = 0
Current i_file: 642
i_event = 0
Current i_file: 643
i_event = 0
Current i_file: 644
i_event = 0
Current i_file: 645
i_event = 0
Current i_file: 646
i_event = 0
Current i_file: 647
i_event = 0
Current i_file: 648
i_event = 0
Current i_file: 649
i_event = 0
Current i_file: 650
i_event = 0
Current i_file: 651
i_event = 0
Current i_file: 652
i_event = 0
Current i_file: 653
i_event = 0
Current i_file: 654
i_event = 0
Current i_file: 655
i_event = 0
Current i_file: 656
i_event = 0
Current i_file: 657
i_event = 0
Current i_file: 658
i_event = 0
Current i_file: 659
i_event = 0
Current i_file: 660
i_event = 0
Current i_file: 661
i_event = 0
Current i_file: 662
i_event = 0
Current i_file: 663
i_event = 0
Current i_file: 664
i_event = 0
Current i_file: 665
i_event = 0
Current i_file: 666
i_event = 0
Current i_file: 667
i_event = 0
Current i_file: 668
i_event = 0
Current i_file: 669
i_event = 0
Current i_file: 670
i_event = 0
Current i_file: 671
i_event = 0
Current i_file: 672
i_event = 0
Current i_file: 673
i_event = 0
Current i_file: 674
i_event = 0
Current i_file: 675
i_event = 0
Current i_file: 676
i_event = 0
Current i_file: 677
i_event = 0
Current i_file: 678
i_event = 0
Current i_file: 679
i_event = 0
Current i_file: 680
i_event = 0
Current i_file: 681
i_event = 0
Current i_file: 682
i_event = 0
Current i_file: 683
i_event = 0
Current i_file: 684
i_event = 0
Current i_file: 685
i_event = 0
Current i_file: 686
i_event = 0
Current i_file: 687
i_event = 0
Current i_file: 688
i_event = 0
Current i_file: 689
i_event = 0
Current i_file: 690
i_event = 0
Current i_file: 691
i_event = 0
Current i_file: 692
i_event = 0
Current i_file: 693
i_event = 0
Current i_file: 694
i_event = 0
Current i_file: 695
i_event = 0
Current i_file: 696
i_event = 0
Current i_file: 697
i_event = 0
Current i_file: 698
i_event = 0
Current i_file: 699
i_event = 0
Current i_file: 700
i_event = 0
Current i_file: 701
i_event = 0
Current i_file: 702
i_event = 0
Current i_file: 703
i_event = 0
Current i_file: 704
i_event = 0
Current i_file: 705
i_event = 0
Current i_file: 706
i_event = 0
Current i_file: 707
i_event = 0
Current i_file: 708
i_event = 0
Current i_file: 709
i_event = 0
Current i_file: 710
i_event = 0
Current i_file: 711
i_event = 0
Current i_file: 712
i_event = 0
Current i_file: 713
i_event = 0
Current i_file: 714
i_event = 0
Current i_file: 715
i_event = 0
Current i_file: 716
i_event = 0
Current i_file: 717
i_event = 0
Current i_file: 718
i_event = 0
Current i_file: 719
i_event = 0
Current i_file: 720
i_event = 0
Current i_file: 721
i_event = 0
Current i_file: 722
i_event = 0
Current i_file: 723
i_event = 0
Current i_file: 724
i_event = 0
Current i_file: 725
i_event = 0
Current i_file: 726
i_event = 0
Current i_file: 727
i_event = 0
Current i_file: 728
i_event = 0
Current i_file: 729
i_event = 0
Current i_file: 730
i_event = 0
Current i_file: 731
i_event = 0
Current i_file: 732
i_event = 0
Current i_file: 733
i_event = 0
Current i_file: 734
i_event = 0
Current i_file: 735
i_event = 0
Current i_file: 736
i_event = 0
Current i_file: 737
i_event = 0
Current i_file: 738
i_event = 0
Current i_file: 739
i_event = 0
Current i_file: 740
i_event = 0
Current i_file: 741
i_event = 0
Current i_file: 742
i_event = 0
Current i_file: 743
i_event = 0
Current i_file: 744
i_event = 0
Current i_file: 745
i_event = 0
Current i_file: 746
i_event = 0
Current i_file: 747
i_event = 0
Current i_file: 748
i_event = 0
Current i_file: 749
i_event = 0
Current i_file: 750
i_event = 0
Current i_file: 751
i_event = 0
Current i_file: 752
i_event = 0
Current i_file: 753
i_event = 0
Current i_file: 754
i_event = 0
Current i_file: 755
i_event = 0
Current i_file: 756
i_event = 0
Current i_file: 757
i_event = 0
Current i_file: 758
i_event = 0
Current i_file: 759
i_event = 0
Current i_file: 760
i_event = 0
Current i_file: 761
i_event = 0
Current i_file: 762
i_event = 0
Current i_file: 763
i_event = 0
Current i_file: 764
i_event = 0
Current i_file: 765
i_event = 0
Current i_file: 766
i_event = 0
Current i_file: 767
i_event = 0
Current i_file: 768
i_event = 0
Current i_file: 769
i_event = 0
Current i_file: 770
i_event = 0
Current i_file: 771
i_event = 0
Current i_file: 772
i_event = 0
Current i_file: 773
i_event = 0
Current i_file: 774
i_event = 0
Current i_file: 775
i_event = 0
Current i_file: 776
i_event = 0
Current i_file: 777
i_event = 0
Current i_file: 778
i_event = 0
Current i_file: 779
i_event = 0
Current i_file: 780
i_event = 0
Current i_file: 781
i_event = 0
Current i_file: 782
i_event = 0
Current i_file: 783
i_event = 0
Current i_file: 784
i_event = 0
Current i_file: 785
i_event = 0
Current i_file: 786
i_event = 0
Current i_file: 787
i_event = 0
Current i_file: 788
i_event = 0
Current i_file: 789
i_event = 0
Current i_file: 790
i_event = 0
Current i_file: 791
i_event = 0
Current i_file: 792
i_event = 0
Current i_file: 793
i_event = 0
Current i_file: 794
i_event = 0
Current i_file: 795
i_event = 0
Current i_file: 796
i_event = 0
Current i_file: 797
i_event = 0
Current i_file: 798
i_event = 0
Current i_file: 799
i_event = 0
Current i_file: 800
i_event = 0
Current i_file: 801
i_event = 0
Current i_file: 802
i_event = 0
Current i_file: 803
i_event = 0
Current i_file: 804
i_event = 0
Current i_file: 805
i_event = 0
Current i_file: 806
i_event = 0
Current i_file: 807
i_event = 0
Current i_file: 808
i_event = 0
Current i_file: 809
i_event = 0
Current i_file: 810
i_event = 0
Current i_file: 811
i_event = 0
Current i_file: 812
i_event = 0
Current i_file: 813
i_event = 0
Current i_file: 814
i_event = 0
Current i_file: 815
i_event = 0
Current i_file: 816
i_event = 0
Current i_file: 817
i_event = 0
Current i_file: 818
i_event = 0
Current i_file: 819
i_event = 0
Current i_file: 820
i_event = 0
Current i_file: 821
i_event = 0
Current i_file: 822
i_event = 0
Current i_file: 823
i_event = 0
Current i_file: 824
i_event = 0
Current i_file: 825
i_event = 0
Current i_file: 826
i_event = 0
Current i_file: 827
i_event = 0
Current i_file: 828
i_event = 0
Current i_file: 829
i_event = 0
Current i_file: 830
i_event = 0
Current i_file: 831
i_event = 0
Current i_file: 832
i_event = 0
Current i_file: 833
i_event = 0
Current i_file: 834
i_event = 0
Current i_file: 835
i_event = 0
Current i_file: 836
i_event = 0
Current i_file: 837
i_event = 0
Current i_file: 838
i_event = 0
Current i_file: 839
i_event = 0
Current i_file: 840
i_event = 0
Current i_file: 841
i_event = 0
Current i_file: 842
i_event = 0
Current i_file: 843
i_event = 0
Current i_file: 844
i_event = 0
Current i_file: 845
i_event = 0
Current i_file: 846
i_event = 0
Current i_file: 847
i_event = 0
Current i_file: 848
i_event = 0
Current i_file: 849
i_event = 0
Current i_file: 850
i_event = 0
Current i_file: 851
i_event = 0
Current i_file: 852
i_event = 0
Current i_file: 853
i_event = 0
Current i_file: 854
i_event = 0
Current i_file: 855
i_event = 0
Current i_file: 856
i_event = 0
Current i_file: 857
i_event = 0
Current i_file: 858
i_event = 0
Current i_file: 859
i_event = 0
Current i_file: 860
i_event = 0
Current i_file: 861
i_event = 0
Current i_file: 862
i_event = 0
Current i_file: 863
i_event = 0
Current i_file: 864
i_event = 0
Current i_file: 865
i_event = 0
Current i_file: 866
i_event = 0
Current i_file: 867
i_event = 0
Current i_file: 868
i_event = 0
Current i_file: 869
i_event = 0
Current i_file: 870
i_event = 0
Current i_file: 871
i_event = 0
Current i_file: 872
i_event = 0
Current i_file: 873
i_event = 0
Current i_file: 874
i_event = 0
Current i_file: 875
i_event = 0
Current i_file: 876
i_event = 0
Current i_file: 877
i_event = 0
Current i_file: 878
i_event = 0
Current i_file: 879
i_event = 0
Current i_file: 880
i_event = 0
Current i_file: 881
i_event = 0
Current i_file: 882
i_event = 0
Current i_file: 883
i_event = 0
Current i_file: 884
i_event = 0
Current i_file: 885
i_event = 0
Current i_file: 886
i_event = 0
Current i_file: 887
i_event = 0
Current i_file: 888
i_event = 0
Current i_file: 889
i_event = 0
Current i_file: 890
i_event = 0
Current i_file: 891
i_event = 0
Current i_file: 892
i_event = 0
Current i_file: 893
i_event = 0
Current i_file: 894
i_event = 0
Current i_file: 895
i_event = 0
Current i_file: 896
i_event = 0
Current i_file: 897
i_event = 0
Current i_file: 898
i_event = 0
Current i_file: 899
i_event = 0
Current i_file: 900
i_event = 0
Current i_file: 901
i_event = 0
Current i_file: 902
i_event = 0
Current i_file: 903
i_event = 0
Current i_file: 904
i_event = 0
Current i_file: 905
i_event = 0
Current i_file: 906
i_event = 0
Current i_file: 907
i_event = 0
Current i_file: 908
i_event = 0
Current i_file: 909
i_event = 0
Current i_file: 910
i_event = 0
Current i_file: 911
i_event = 0
Current i_file: 912
i_event = 0
Current i_file: 913
i_event = 0
Current i_file: 914
i_event = 0
Current i_file: 915
i_event = 0
Current i_file: 916
i_event = 0
Current i_file: 917
i_event = 0
Current i_file: 918
i_event = 0
Current i_file: 919
i_event = 0
Current i_file: 920
i_event = 0
Current i_file: 921
i_event = 0
Current i_file: 922
i_event = 0
Current i_file: 923
i_event = 0
Current i_file: 924
i_event = 0
Current i_file: 925
i_event = 0
Current i_file: 926
i_event = 0
Current i_file: 927
i_event = 0
Current i_file: 928
i_event = 0
Current i_file: 929
i_event = 0
Current i_file: 930
i_event = 0
Current i_file: 931
i_event = 0
Current i_file: 932
i_event = 0
Current i_file: 933
i_event = 0
Current i_file: 934
i_event = 0
Current i_file: 935
i_event = 0
Current i_file: 936
i_event = 0
Current i_file: 937
i_event = 0
Current i_file: 938
i_event = 0
Current i_file: 939
i_event = 0
Current i_file: 940
i_event = 0
Current i_file: 941
i_event = 0
Current i_file: 942
i_event = 0
Current i_file: 943
i_event = 0
Current i_file: 944
i_event = 0
Current i_file: 945
i_event = 0
Current i_file: 946
i_event = 0
Current i_file: 947
i_event = 0
Current i_file: 948
i_event = 0
Current i_file: 949
i_event = 0
Current i_file: 950
i_event = 0
Current i_file: 951
i_event = 0
Current i_file: 952
i_event = 0
Current i_file: 953
i_event = 0
Current i_file: 954
i_event = 0
Current i_file: 955
i_event = 0
Current i_file: 956
i_event = 0
Current i_file: 957
i_event = 0
Current i_file: 958
i_event = 0
Current i_file: 959
i_event = 0
Current i_file: 960
i_event = 0
Current i_file: 961
i_event = 0
Current i_file: 962
i_event = 0
Current i_file: 963
i_event = 0
Current i_file: 964
i_event = 0
Current i_file: 965
i_event = 0
Current i_file: 966
i_event = 0
Current i_file: 967
i_event = 0
Current i_file: 968
i_event = 0
Current i_file: 969
i_event = 0
Current i_file: 970
i_event = 0
Current i_file: 971
i_event = 0
Current i_file: 972
i_event = 0
Current i_file: 973
i_event = 0
Current i_file: 974
i_event = 0
Current i_file: 975
i_event = 0
Current i_file: 976
i_event = 0
Current i_file: 977
i_event = 0
Current i_file: 978
i_event = 0
Current i_file: 979
i_event = 0
Current i_file: 980
i_event = 0
Current i_file: 981
i_event = 0
Current i_file: 982
i_event = 0
Current i_file: 983
i_event = 0
Current i_file: 984
i_event = 0
Current i_file: 985
i_event = 0
Current i_file: 986
i_event = 0
Current i_file: 987
i_event = 0
Current i_file: 988
i_event = 0
Current i_file: 989
i_event = 0
Current i_file: 990
i_event = 0
Current i_file: 991
i_event = 0
Current i_file: 992
i_event = 0
Current i_file: 993
i_event = 0
Current i_file: 994
i_event = 0
Current i_file: 995
i_event = 0
Current i_file: 996
i_event = 0
Current i_file: 997
i_event = 0
Current i_file: 998
i_event = 0
Current i_file: 999
i_event = 0

This is the end of STAR ROOT -- Goodbye

