
 *------------------------------------------------------------------------------------* 
 |                                                                                    | 
 |  *------------------------------------------------------------------------------*  | 
 |  |                                                                              |  | 
 |  |                                                                              |  | 
 |  |   PPP   Y   Y  TTTTT  H   H  III    A      Welcome to the Lund Monte Carlo!  |  | 
 |  |   P  P   Y Y     T    H   H   I    A A     This is PYTHIA version 8.316      |  | 
 |  |   PPP     Y      T    HHHHH   I   AAAAA    Last date of change:  3 Oct 2025  |  | 
 |  |   P       Y      T    H   H   I   A   A                                      |  | 
 |  |   P       Y      T    H   H  III  A   A    Now is 23 Nov 2025 at 16:34:25    |  | 
 |  |                                                                              |  | 
 |  |   Program documentation and an archive of historic versions is found on:     |  | 
 |  |                                                                              |  | 
 |  |                               https://pythia.org/                            |  | 
 |  |                                                                              |  | 
 |  |   PYTHIA is authored by a collaboration consisting of:                       |  | 
 |  |                                                                              |  | 
 |  |   Javira Altmann, Christian Bierlich, Naomi Cooke, Nishita Desai,            |  | 
 |  |   Ilkka Helenius, Philip Ilten, Leif Lonnblad, Stephen Mrenna,               |  | 
 |  |   Christian Preuss, Torbjorn Sjostrand, and Peter Skands.                    |  | 
 |  |                                                                              |  | 
 |  |   The complete list of authors, including contact information and            |  | 
 |  |   affiliations, can be found on https://pythia.org/.                         |  | 
 |  |   Problems or bugs should be reported on email at authors@pythia.org.        |  | 
 |  |                                                                              |  | 
 |  |   The main program reference is C. Bierlich et al,                           |  | 
 |  |   'A comprehensive guide to the physics and usage of Pythia 8.3',            |  | 
 |  |   SciPost Phys. Codebases 8-r8.3 (2022) [arXiv:2203.11601 [hep-ph]]          |  | 
 |  |                                                                              |  | 
 |  |   PYTHIA is released under the GNU General Public Licence version 2          |  | 
 |  |   or later. Please respect the MCnet Guidelines for Generator Authors        |  | 
 |  |   and Users.                                                                 |  | 
 |  |                                                                              |  | 
 |  |   Disclaimer: this program comes without any guarantees.                     |  | 
 |  |   Beware of errors and use common sense when interpreting results.           |  | 
 |  |                                                                              |  | 
 |  |   Copyright (C) 2025 Torbjorn Sjostrand                                      |  | 
 |  |                                                                              |  | 
 |  |                                                                              |  | 
 |  *------------------------------------------------------------------------------*  | 
 |                                                                                    | 
 *------------------------------------------------------------------------------------* 

BEAM_RAPIDITY = 1.046
current iFile: 0
iEvent = 0
iEvent = 10000
iEvent = 20000
iEvent = 30000
iEvent = 40000
current iFile: 1
iEvent = 0
iEvent = 10000
iEvent = 20000
iEvent = 30000
iEvent = 40000
current iFile: 2
iEvent = 0
iEvent = 10000
iEvent = 20000
iEvent = 30000
iEvent = 40000
current iFile: 3
iEvent = 0
iEvent = 10000
iEvent = 20000
iEvent = 30000
iEvent = 40000
current iFile: 4
iEvent = 0
iEvent = 10000
iEvent = 20000
iEvent = 30000
iEvent = 40000
current iFile: 5
iEvent = 0
iEvent = 10000
iEvent = 20000
iEvent = 30000
iEvent = 40000
current iFile: 6
iEvent = 0
iEvent = 10000
iEvent = 20000
iEvent = 30000
iEvent = 40000
current iFile: 7
iEvent = 0
iEvent = 10000
iEvent = 20000
iEvent = 30000
iEvent = 40000
current iFile: 8
iEvent = 0
iEvent = 10000
iEvent = 20000
iEvent = 30000
iEvent = 40000
current iFile: 9
iEvent = 0
iEvent = 10000
iEvent = 20000
iEvent = 30000
iEvent = 40000
current iFile: 10
iEvent = 0
iEvent = 10000
iEvent = 20000
iEvent = 30000
iEvent = 40000
iEvent = 50000
iEvent = 60000
iEvent = 70000
iEvent = 80000
iEvent = 90000
current iFile: 11
iEvent = 0
iEvent = 10000
iEvent = 20000
iEvent = 30000
iEvent = 40000
iEvent = 50000
iEvent = 60000
iEvent = 70000
iEvent = 80000
iEvent = 90000
current iFile: 12
iEvent = 0
iEvent = 10000
iEvent = 20000
iEvent = 30000
iEvent = 40000
iEvent = 50000
iEvent = 60000
iEvent = 70000
iEvent = 80000
iEvent = 90000
current iFile: 13
iEvent = 0
iEvent = 10000
iEvent = 20000
iEvent = 30000
iEvent = 40000
iEvent = 50000
iEvent = 60000
iEvent = 70000
iEvent = 80000
iEvent = 90000
current iFile: 14
iEvent = 0
iEvent = 10000
iEvent = 20000
iEvent = 30000
iEvent = 40000
iEvent = 50000
iEvent = 60000
iEvent = 70000
iEvent = 80000
iEvent = 90000
current iFile: 15
iEvent = 0
iEvent = 10000
iEvent = 20000
iEvent = 30000
iEvent = 40000
iEvent = 50000
iEvent = 60000
iEvent = 70000
iEvent = 80000
iEvent = 90000
current iFile: 16
iEvent = 0
iEvent = 10000
iEvent = 20000
iEvent = 30000
iEvent = 40000
iEvent = 50000
iEvent = 60000
iEvent = 70000
iEvent = 80000
iEvent = 90000
current iFile: 17
iEvent = 0
iEvent = 10000
iEvent = 20000
iEvent = 30000
iEvent = 40000
iEvent = 50000
iEvent = 60000
iEvent = 70000
iEvent = 80000
iEvent = 90000
current iFile: 18
iEvent = 0
iEvent = 10000
iEvent = 20000
iEvent = 30000
iEvent = 40000
iEvent = 50000
iEvent = 60000
iEvent = 70000
iEvent = 80000
iEvent = 90000
current iFile: 19
iEvent = 0
iEvent = 10000
iEvent = 20000
iEvent = 30000
iEvent = 40000
iEvent = 50000
iEvent = 60000
iEvent = 70000
iEvent = 80000
iEvent = 90000
current iFile: 20
iEvent = 0
iEvent = 10000
iEvent = 20000
iEvent = 30000
iEvent = 40000
iEvent = 50000
iEvent = 60000
iEvent = 70000
iEvent = 80000
iEvent = 90000
current iFile: 21
iEvent = 0
iEvent = 10000
iEvent = 20000
iEvent = 30000
iEvent = 40000
iEvent = 50000
iEvent = 60000
iEvent = 70000
iEvent = 80000
iEvent = 90000
current iFile: 22
iEvent = 0
iEvent = 10000
iEvent = 20000
iEvent = 30000
iEvent = 40000
iEvent = 50000
iEvent = 60000
iEvent = 70000
iEvent = 80000
iEvent = 90000
current iFile: 23
iEvent = 0
iEvent = 10000
iEvent = 20000
iEvent = 30000
iEvent = 40000
iEvent = 50000
iEvent = 60000
iEvent = 70000
iEvent = 80000
iEvent = 90000
Unweight EP:-0.831 +/-0.004
Unweight RP:0.412 +/-0.004
Weight EP:1.030 +/-0.004
Weight RP:2.594 +/-0.004

 *------------------------------------------------------------------------------------* 
 |                                                                                    | 
 |  *------------------------------------------------------------------------------*  | 
 |  |                                                                              |  | 
 |  |                                                                              |  | 
 |  |   PPP   Y   Y  TTTTT  H   H  III    A      Welcome to the Lund Monte Carlo!  |  | 
 |  |   P  P   Y Y     T    H   H   I    A A     This is PYTHIA version 8.316      |  | 
 |  |   PPP     Y      T    HHHHH   I   AAAAA    Last date of change:  3 Oct 2025  |  | 
 |  |   P       Y      T    H   H   I   A   A                                      |  | 
 |  |   P       Y      T    H   H  III  A   A    Now is 23 Nov 2025 at 22:43:35    |  | 
 |  |                                                                              |  | 
 |  |   Program documentation and an archive of historic versions is found on:     |  | 
 |  |                                                                              |  | 
 |  |                               https://pythia.org/                            |  | 
 |  |                                                                              |  | 
 |  |   PYTHIA is authored by a collaboration consisting of:                       |  | 
 |  |                                                                              |  | 
 |  |   Javira Altmann, Christian Bierlich, Naomi Cooke, Nishita Desai,            |  | 
 |  |   Ilkka Helenius, Philip Ilten, Leif Lonnblad, Stephen Mrenna,               |  | 
 |  |   Christian Preuss, Torbjorn Sjostrand, and Peter Skands.                    |  | 
 |  |                                                                              |  | 
 |  |   The complete list of authors, including contact information and            |  | 
 |  |   affiliations, can be found on https://pythia.org/.                         |  | 
 |  |   Problems or bugs should be reported on email at authors@pythia.org.        |  | 
 |  |                                                                              |  | 
 |  |   The main program reference is C. Bierlich et al,                           |  | 
 |  |   'A comprehensive guide to the physics and usage of Pythia 8.3',            |  | 
 |  |   SciPost Phys. Codebases 8-r8.3 (2022) [arXiv:2203.11601 [hep-ph]]          |  | 
 |  |                                                                              |  | 
 |  |   PYTHIA is released under the GNU General Public Licence version 2          |  | 
 |  |   or later. Please respect the MCnet Guidelines for Generator Authors        |  | 
 |  |   and Users.                                                                 |  | 
 |  |                                                                              |  | 
 |  |   Disclaimer: this program comes without any guarantees.                     |  | 
 |  |   Beware of errors and use common sense when interpreting results.           |  | 
 |  |                                                                              |  | 
 |  |   Copyright (C) 2025 Torbjorn Sjostrand                                      |  | 
 |  |                                                                              |  | 
 |  |                                                                              |  | 
 |  *------------------------------------------------------------------------------*  | 
 |                                                                                    | 
 *------------------------------------------------------------------------------------* 

BEAM_RAPIDITY = 1.046
current iFile: 0
iEvent = 0
iEvent = 10000
iEvent = 20000
iEvent = 30000
iEvent = 40000
current iFile: 1
iEvent = 0
iEvent = 10000
iEvent = 20000
iEvent = 30000
iEvent = 40000
current iFile: 2
iEvent = 0
iEvent = 10000
iEvent = 20000
iEvent = 30000
iEvent = 40000
current iFile: 3
iEvent = 0
iEvent = 10000
iEvent = 20000
iEvent = 30000
iEvent = 40000
current iFile: 4
iEvent = 0
iEvent = 10000
iEvent = 20000
iEvent = 30000
iEvent = 40000
current iFile: 5
iEvent = 0
iEvent = 10000
iEvent = 20000
iEvent = 30000
iEvent = 40000
current iFile: 6
iEvent = 0
iEvent = 10000
iEvent = 20000
iEvent = 30000
iEvent = 40000
current iFile: 7
iEvent = 0
iEvent = 10000
iEvent = 20000
iEvent = 30000
iEvent = 40000
current iFile: 8
iEvent = 0
iEvent = 10000
iEvent = 20000
iEvent = 30000
iEvent = 40000
current iFile: 9
iEvent = 0
iEvent = 10000
iEvent = 20000
iEvent = 30000
iEvent = 40000
current iFile: 10
iEvent = 0
iEvent = 10000
iEvent = 20000
iEvent = 30000
iEvent = 40000
iEvent = 50000
iEvent = 60000
iEvent = 70000
iEvent = 80000
iEvent = 90000
current iFile: 11
iEvent = 0
iEvent = 10000
iEvent = 20000
iEvent = 30000
iEvent = 40000
iEvent = 50000
iEvent = 60000
iEvent = 70000
iEvent = 80000
iEvent = 90000
current iFile: 12
iEvent = 0
iEvent = 10000
iEvent = 20000
iEvent = 30000
iEvent = 40000
iEvent = 50000
iEvent = 60000
iEvent = 70000
iEvent = 80000
iEvent = 90000
current iFile: 13
iEvent = 0
iEvent = 10000
iEvent = 20000
iEvent = 30000
iEvent = 40000
iEvent = 50000
iEvent = 60000
iEvent = 70000
iEvent = 80000
iEvent = 90000
current iFile: 14
iEvent = 0
iEvent = 10000
iEvent = 20000
iEvent = 30000
iEvent = 40000
iEvent = 50000
iEvent = 60000
iEvent = 70000
iEvent = 80000
iEvent = 90000
current iFile: 15
iEvent = 0
iEvent = 10000
iEvent = 20000
iEvent = 30000
iEvent = 40000
iEvent = 50000
iEvent = 60000
iEvent = 70000
iEvent = 80000
iEvent = 90000
current iFile: 16
iEvent = 0
iEvent = 10000
iEvent = 20000
iEvent = 30000
iEvent = 40000
iEvent = 50000
iEvent = 60000
iEvent = 70000
iEvent = 80000
iEvent = 90000
current iFile: 17
iEvent = 0
iEvent = 10000
iEvent = 20000
iEvent = 30000
iEvent = 40000
iEvent = 50000
iEvent = 60000
iEvent = 70000
iEvent = 80000
iEvent = 90000
current iFile: 18
iEvent = 0
iEvent = 10000
iEvent = 20000
iEvent = 30000
iEvent = 40000
iEvent = 50000
iEvent = 60000
iEvent = 70000
iEvent = 80000
iEvent = 90000
current iFile: 19
iEvent = 0
iEvent = 10000
iEvent = 20000
iEvent = 30000
iEvent = 40000
iEvent = 50000
iEvent = 60000
iEvent = 70000
iEvent = 80000
iEvent = 90000
current iFile: 20
iEvent = 0
iEvent = 10000
iEvent = 20000
iEvent = 30000
iEvent = 40000
iEvent = 50000
iEvent = 60000
iEvent = 70000
iEvent = 80000
iEvent = 90000
current iFile: 21
iEvent = 0
iEvent = 10000
iEvent = 20000
iEvent = 30000
iEvent = 40000
iEvent = 50000
iEvent = 60000
iEvent = 70000
iEvent = 80000
iEvent = 90000
current iFile: 22
iEvent = 0
iEvent = 10000
iEvent = 20000
iEvent = 30000
iEvent = 40000
iEvent = 50000
iEvent = 60000
iEvent = 70000
iEvent = 80000
iEvent = 90000
current iFile: 23
iEvent = 0
iEvent = 10000
iEvent = 20000
iEvent = 30000
iEvent = 40000
iEvent = 50000
iEvent = 60000
iEvent = 70000
iEvent = 80000
iEvent = 90000
current iFile: 24
iEvent = 0
iEvent = 10000
iEvent = 20000
iEvent = 30000
iEvent = 40000
iEvent = 50000
iEvent = 60000
iEvent = 70000
iEvent = 80000
iEvent = 90000
current iFile: 25
iEvent = 0
iEvent = 10000
iEvent = 20000
iEvent = 30000
iEvent = 40000
iEvent = 50000
iEvent = 60000
iEvent = 70000
iEvent = 80000
iEvent = 90000
current iFile: 26
iEvent = 0
iEvent = 10000
iEvent = 20000
iEvent = 30000
iEvent = 40000
iEvent = 50000
iEvent = 60000
iEvent = 70000
iEvent = 80000
iEvent = 90000
current iFile: 27
iEvent = 0
iEvent = 10000
iEvent = 20000
iEvent = 30000
iEvent = 40000
iEvent = 50000
iEvent = 60000
iEvent = 70000
iEvent = 80000
iEvent = 90000
current iFile: 28
iEvent = 0
iEvent = 10000
iEvent = 20000
iEvent = 30000
iEvent = 40000
iEvent = 50000
iEvent = 60000
iEvent = 70000
iEvent = 80000
iEvent = 90000
current iFile: 29
iEvent = 0
iEvent = 10000
iEvent = 20000
iEvent = 30000
iEvent = 40000
iEvent = 50000
iEvent = 60000
iEvent = 70000
iEvent = 80000
iEvent = 90000
current iFile: 30
iEvent = 0
iEvent = 10000
iEvent = 20000
iEvent = 30000
iEvent = 40000
iEvent = 50000
iEvent = 60000
iEvent = 70000
iEvent = 80000
iEvent = 90000
current iFile: 31
iEvent = 0
iEvent = 10000
iEvent = 20000
iEvent = 30000
iEvent = 40000
iEvent = 50000
iEvent = 60000
iEvent = 70000
iEvent = 80000
iEvent = 90000
current iFile: 32
iEvent = 0
iEvent = 10000
iEvent = 20000
iEvent = 30000
iEvent = 40000
iEvent = 50000
iEvent = 60000
iEvent = 70000
iEvent = 80000
iEvent = 90000
current iFile: 33
iEvent = 0
iEvent = 10000
iEvent = 20000
iEvent = 30000
iEvent = 40000
iEvent = 50000
iEvent = 60000
iEvent = 70000
iEvent = 80000
iEvent = 90000
current iFile: 34
iEvent = 0
iEvent = 10000
iEvent = 20000
iEvent = 30000
iEvent = 40000
iEvent = 50000
iEvent = 60000
iEvent = 70000
iEvent = 80000
iEvent = 90000
current iFile: 35
iEvent = 0
iEvent = 10000
iEvent = 20000
iEvent = 30000
iEvent = 40000
iEvent = 50000
iEvent = 60000
iEvent = 70000
iEvent = 80000
iEvent = 90000
current iFile: 36
iEvent = 0
iEvent = 10000
iEvent = 20000
iEvent = 30000
iEvent = 40000
iEvent = 50000
iEvent = 60000
iEvent = 70000
iEvent = 80000
iEvent = 90000
current iFile: 37
iEvent = 0
iEvent = 10000
iEvent = 20000
iEvent = 30000
iEvent = 40000
iEvent = 50000
iEvent = 60000
iEvent = 70000
iEvent = 80000
iEvent = 90000
current iFile: 38
iEvent = 0
iEvent = 10000
iEvent = 20000
iEvent = 30000
iEvent = 40000
iEvent = 50000
iEvent = 60000
iEvent = 70000
iEvent = 80000
iEvent = 90000
current iFile: 39
iEvent = 0
iEvent = 10000
iEvent = 20000
iEvent = 30000
iEvent = 40000
iEvent = 50000
iEvent = 60000
iEvent = 70000
iEvent = 80000
iEvent = 90000
current iFile: 40
iEvent = 0
iEvent = 10000
iEvent = 20000
iEvent = 30000
iEvent = 40000
current iFile: 41
iEvent = 0
iEvent = 10000
iEvent = 20000
iEvent = 30000
iEvent = 40000
current iFile: 42
iEvent = 0
iEvent = 10000
iEvent = 20000
iEvent = 30000
iEvent = 40000
current iFile: 43
iEvent = 0
iEvent = 10000
iEvent = 20000
iEvent = 30000
iEvent = 40000
current iFile: 44
iEvent = 0
iEvent = 10000
iEvent = 20000
iEvent = 30000
iEvent = 40000
Unweight EP:1.503 +/-0.003
Unweight RP:1.971 +/-0.003
Weight EP:3.308 +/-0.003
Weight RP:4.071 +/-0.003
